{
  "regular_shopping_item": {
    "id": 1,
    "posted_date": "2020-09-06T14:04:52Z",
    "updated_date": "2020-09-06T14:04:52Z",
    "expected_purchase_date": "2020/09/13(日)",
    "cycle_type": "weekly",
    "cycle": null,
    "purchase": "トイレットペーパー",
    "shop": "クリエイト",
    "amount": 300,
    "big_category_id": 3,
    "big_category_name": "日用品",
    "medium_category_id": 13,
    "medium_category_name": "消耗品",
    "custom_category_id": null,
    "custom_category_name": null,
    "payment_user_id": "userID1",
    "transaction_auto_add": true
  },
  "shopping_list": [
    {
      "id": 1,
      "posted_date": "2020-09-06T14:04:52Z",
      "updated_date": "2020-09-06T14:04:52Z",
      "expected_purchase_date": "2020/09/06(日)",
      "complete_flag": false,
      "purchase": "トイレットペーパー",
      "shop": "クリエイト",
      "amount": 300,
      "big_category_id": 3,
      "big_category_name": "日用品",
      "medium_category_id": 13,
      "medium_category_name": "消耗品",
      "custom_category_id": null,
      "custom_category_name": null,
      "regular_shopping_list_id": 1,
      "payment_user_id": "userID1",
      "transaction_auto_add": true,
      "related_transaction_data": null
    },
    {
      "id": 2,
      "posted_date": "2020-09-06T14:04:52Z",
      "updated_date": "2020-09-06T14:04:52Z",
      "expected_purchase_date": "2020/09/13(日)",
      "complete_flag": false,
      "purchase": "トイレットペーパー",
      "shop": "クリエイト",
      "amount": 300,
      "big_category_id": 3,
      "big_category_name": "日用品",
      "medium_category_id": 13,
      "medium_category_name": "消耗品",
      "custom_category_id": null,
      "custom_category_name": null,
      "regular_shopping_list_id": 1,
      "payment_user_id": "userID1",
      "transaction_auto_add": true,
      "related_transaction_data": null
    }
  ]
}
