{
  "id": 2,
  "transaction_type": "expense",
  "posted_date": "2020-07-01T16:00:00Z",
  "updated_date": "2020-07-02T16:00:00Z",
  "transaction_date": "2020/07/01(水)",
  "shop": "ニトリ",
  "memo": "ベッド購入",
  "amount": 25000,
  "posted_user_id": "userID1",
  "updated_user_id": "userID2",
  "payment_user_id": "userID1",
  "big_category_id": 3,
  "big_category_name": "日用品",
  "medium_category_id": 16,
  "medium_category_name": "家具",
  "custom_category_id": null,
  "custom_category_name": null
}
