{
  "implementation_todo_list": [
    {
      "id": 1,
      "posted_date": "2020-09-04T17:11:00Z",
      "implementation_date": "2020/07/05(日)",
      "due_date": "2020/07/05(日)",
      "todo_content": "今月の予算を立てる",
      "complete_flag": true
    },
    {
      "id": 2,
      "posted_date": "2020-09-04T17:11:00Z",
      "implementation_date": "2020/07/09(木)",
      "due_date": "2020/07/10(金)",
      "todo_content": "コストコ鶏肉セール 5パック購入",
      "complete_flag": true
    },
    {
      "id": 3,
      "posted_date": "2020-09-04T17:11:00Z",
      "implementation_date": "2020/07/10(金)",
      "due_date": "2020/07/10(金)",
      "todo_content": "電車定期券更新",
      "complete_flag": true
    },
    {
      "id": 4,
      "posted_date": "2020-09-04T17:11:00Z",
      "implementation_date": "2020/07/10(金)",
      "due_date": "2020/07/12(日)",
      "todo_content": "醤油購入",
      "complete_flag": false
    }
  ],
  "due_todo_list": [
    {
      "id": 1,
      "posted_date": "2020-09-04T17:11:00Z",
      "implementation_date": "2020/07/05(日)",
      "due_date": "2020/07/05(日)",
      "todo_content": "今月の予算を立てる",
      "complete_flag": true
    },
    {
      "id": 2,
      "posted_date": "2020-09-04T17:11:00Z",
      "implementation_date": "2020/07/09(木)",
      "due_date": "2020/07/10(金)",
      "todo_content": "コストコ鶏肉セール 5パック購入",
      "complete_flag": true
    },
    {
      "id": 3,
      "posted_date": "2020-09-04T17:11:00Z",
      "implementation_date": "2020/07/10(金)",
      "due_date": "2020/07/10(金)",
      "todo_content": "電車定期券更新",
      "complete_flag": true
    },
    {
      "id": 4,
      "posted_date": "2020-09-04T17:11:00Z",
      "implementation_date": "2020/07/10(金)",
      "due_date": "2020/07/12(日)",
      "todo_content": "醤油購入",
      "complete_flag": false
    }
  ]
}
